[html.themexriver.com/finance-top/index-5.html]
[backblue.gif]
[fade.gif]
[index.html]
[html.themexriver.com/finance-top/assets/images/favicon/favicon.png]
[html.themexriver.com/finance-top/assets/images/favicon/apple-touch-icon-57x57.png]
[html.themexriver.com/finance-top/assets/images/favicon/apple-touch-icon-72x72.png]
[html.themexriver.com/finance-top/assets/images/favicon/apple-touch-icon-114x114.png]
[html.themexriver.com/finance-top/assets/images/favicon/apple-touch-icon-144x144.png]
[html.themexriver.com/finance-top/assets/css/font-awesome.min.css]
[html.themexriver.com/finance-top/assets/css/flaticon.css]
[html.themexriver.com/finance-top/assets/css/bootstrap.min.css]
[html.themexriver.com/finance-top/assets/css/animate.css]
[html.themexriver.com/finance-top/assets/css/owl.carousel.css]
[html.themexriver.com/finance-top/assets/css/owl.theme.css]
[html.themexriver.com/finance-top/assets/css/slick.css]
[html.themexriver.com/finance-top/assets/css/slick-theme.css]
[html.themexriver.com/finance-top/assets/css/owl.transitions.css]
[html.themexriver.com/finance-top/assets/css/jquery.fancybox.css]
[html.themexriver.com/finance-top/assets/css/bootstrap-select.css]
[html.themexriver.com/finance-top/assets/css/style.css]
[html.themexriver.com/finance-top/assets/images/logo-2.png]
[html.themexriver.com/finance-top/index.html]
[html.themexriver.com/finance-top/index-2.html]
[html.themexriver.com/finance-top/index-3.html]
[html.themexriver.com/finance-top/index-4.html]
[html.themexriver.com/finance-top/index-6.html]
[html.themexriver.com/finance-top/index-7.html]
[html.themexriver.com/finance-top/about.html]
[html.themexriver.com/finance-top/services.html]
[html.themexriver.com/finance-top/service-single-finance.html]
[html.themexriver.com/finance-top/service-single-management.html]
[html.themexriver.com/finance-top/service-single-vc.html]
[html.themexriver.com/finance-top/service-single-investment.html]
[html.themexriver.com/finance-top/service-single-insurance.html]
[html.themexriver.com/finance-top/service-single-mutual.html]
[html.themexriver.com/finance-top/case-studies.html]
[html.themexriver.com/finance-top/case-study-single.html]
[html.themexriver.com/finance-top/testimonials.html]
[html.themexriver.com/finance-top/team.html]
[html.themexriver.com/finance-top/pricing.html]
[html.themexriver.com/finance-top/projects.html]
[html.themexriver.com/finance-top/projects-3-col.html]
[html.themexriver.com/finance-top/blog-default.html]
[html.themexriver.com/finance-top/blog.html]
[html.themexriver.com/finance-top/blog-left-sidebar.html]
[html.themexriver.com/finance-top/blog-right-sidebar.html]
[html.themexriver.com/finance-top/blog-details.html]
[html.themexriver.com/finance-top/contact.html]
[html.themexriver.com/finance-top/assets/images/slider/slide-5.jpg]
[html.themexriver.com/finance-top/assets/images/slider/slide-3.jpg]
[html.themexriver.com/finance-top/assets/images/slider/slide-2.jpg]
[html.themexriver.com/finance-top/assets/images/about-s3.jpg]
[html.themexriver.com/finance-top/assets/images/about-s2/img-1.jpg]
[html.themexriver.com/finance-top/assets/images/about-s2/img-2.jpg]
[html.themexriver.com/finance-top/assets/images/projects/img-1.jpg]
[html.themexriver.com/finance-top/assets/images/projects/img-2.jpg]
[html.themexriver.com/finance-top/assets/images/projects/img-3.jpg]
[html.themexriver.com/finance-top/assets/images/projects/img-4.jpg]
[html.themexriver.com/finance-top/assets/images/projects/img-5.jpg]
[html.themexriver.com/finance-top/assets/images/projects/img-6.jpg]
[html.themexriver.com/finance-top/assets/images/newsletter-man.png]
[html.themexriver.com/finance-top/assets/images/blog/img-1.jpg]
[html.themexriver.com/finance-top/assets/images/blog/img-2.jpg]
[html.themexriver.com/finance-top/assets/images/blog/img-3.jpg]
[html.themexriver.com/finance-top/assets/images/partners/img-1.png]
[html.themexriver.com/finance-top/assets/images/partners/img-2.png]
[html.themexriver.com/finance-top/assets/images/partners/img-3.png]
[html.themexriver.com/finance-top/assets/images/partners/img-4.png]
[html.themexriver.com/finance-top/assets/images/partners/img-5.png]
[html.themexriver.com/finance-top/assets/images/footer-logo.png]
[html.themexriver.com/finance-top/assets/js/jquery.min.js]
[html.themexriver.com/finance-top/assets/js/bootstrap.min.js]
[html.themexriver.com/finance-top/assets/js/jquery-plugin-collection.js]
[html.themexriver.com/finance-top/index-5.html]
[html.themexriver.com/finance-top/assets/js/script.js]
[html.themexriver.com/finance-top/assets/fonts/fontawesome-webfont5b62.eot]
[html.themexriver.com/finance-top/assets/fonts/fontawesome-webfontd41d.eot]
[html.themexriver.com/finance-top/assets/fonts/fontawesome-webfont5b62.woff2]
[html.themexriver.com/finance-top/assets/fonts/fontawesome-webfont5b62.woff]
[html.themexriver.com/finance-top/assets/fonts/fontawesome-webfont5b62.ttf]
[html.themexriver.com/finance-top/assets/css/font-awesome.min.css]
[html.themexriver.com/finance-top/assets/fonts/Flaticon.eot]
[html.themexriver.com/finance-top/assets/fonts/fontawesome-webfont5b62.svg]
[html.themexriver.com/finance-top/assets/fonts/Flaticond41d.eot]
[html.themexriver.com/finance-top/assets/fonts/Flaticon.woff]
[html.themexriver.com/finance-top/assets/fonts/Flaticon.ttf]
[html.themexriver.com/finance-top/assets/css/flaticon.css]
[html.themexriver.com/finance-top/assets/fonts/Flaticon.svg]
[html.themexriver.com/finance-top/assets/fonts/glyphicons-halflings-regular.eot]
[html.themexriver.com/finance-top/assets/fonts/glyphicons-halflings-regulard41d.eot]
[html.themexriver.com/finance-top/assets/fonts/glyphicons-halflings-regular.woff2]
[html.themexriver.com/finance-top/assets/fonts/glyphicons-halflings-regular.woff]
[html.themexriver.com/finance-top/assets/fonts/glyphicons-halflings-regular.ttf]
[html.themexriver.com/finance-top/assets/css/bootstrap.min.css]
[html.themexriver.com/finance-top/assets/css/animate.css]
[html.themexriver.com/finance-top/assets/fonts/glyphicons-halflings-regular.svg]
[html.themexriver.com/finance-top/assets/css/owl.video.play.png]
[html.themexriver.com/finance-top/assets/css/owl.carousel.css]
[html.themexriver.com/finance-top/assets/css/owl.theme.css]
[html.themexriver.com/finance-top/assets/css/slick.css]
[html.themexriver.com/finance-top/assets/images/ajax-loader.gif]
[html.themexriver.com/finance-top/assets/fonts/slick.eot]
[html.themexriver.com/finance-top/assets/fonts/slickd41d.eot]
[html.themexriver.com/finance-top/assets/fonts/slick.woff]
[html.themexriver.com/finance-top/assets/fonts/slick.ttf]
[html.themexriver.com/finance-top/assets/css/slick-theme.css]
[html.themexriver.com/finance-top/assets/css/owl.transitions.css]
[html.themexriver.com/finance-top/assets/fonts/slick.svg]
[html.themexriver.com/finance-top/assets/images/fancybox/fancybox_sprite.png]
[html.themexriver.com/finance-top/assets/images/fancybox/fancybox_loading.gif]
[html.themexriver.com/finance-top/assets/images/fancybox/blank.gif]
[html.themexriver.com/finance-top/assets/images/fancybox/fancybox_overlay.png]
[html.themexriver.com/finance-top/assets/images/fancybox/fancybox_sprite@2x.png]
[html.themexriver.com/finance-top/assets/images/fancybox/fancybox_loading@2x.gif]
[html.themexriver.com/finance-top/assets/css/jquery.fancybox.css]
[html.themexriver.com/finance-top/assets/css/bootstrap-select.css]
[html.themexriver.com/finance-top/assets/images/body-bg.jpg]
[html.themexriver.com/finance-top/assets/images/select-icon.png]
[html.themexriver.com/finance-top/assets/images/pg-title/img-1.jpg]
[html.themexriver.com/finance-top/assets/images/services-s2-grid-bg.jpg]
[html.themexriver.com/finance-top/assets/images/newsletter-env.png]
[html.themexriver.com/finance-top/assets/images/cta-bg.jpg]
[html.themexriver.com/finance-top/assets/images/services-phone-bg.jpg]
[html.themexriver.com/finance-top/assets/images/newsletter-bg.jpg]
[html.themexriver.com/finance-top/assets/images/fun-fact-bg.jpg]
[html.themexriver.com/finance-top/assets/images/pg-title/img-2.jpg]
[html.themexriver.com/finance-top/assets/images/pg-title/img-3.jpg]
[html.themexriver.com/finance-top/assets/images/pg-title/img-4.jpg]
[html.themexriver.com/finance-top/assets/images/pg-title/img-5.jpg]
[html.themexriver.com/finance-top/assets/css/style.css]
[html.themexriver.com/finance-top/assets/images/logo.png]
[html.themexriver.com/finance-top/assets/images/slider/slide-1.jpg]
[html.themexriver.com/finance-top/assets/images/services/img-1.jpg]
[html.themexriver.com/finance-top/assets/images/services/img-2.jpg]
[html.themexriver.com/finance-top/assets/images/services/img-3.jpg]
[html.themexriver.com/finance-top/assets/images/services/img-4.jpg]
[html.themexriver.com/finance-top/assets/images/services/img-5.jpg]
[html.themexriver.com/finance-top/assets/images/services/img-6.jpg]
[html.themexriver.com/finance-top/assets/images/phone.png]
[html.themexriver.com/finance-top/assets/images/about-chart.jpg]
[html.themexriver.com/finance-top/assets/images/projects/img-7.jpg]
[html.themexriver.com/finance-top/assets/images/projects/img-8.jpg]
[html.themexriver.com/finance-top/assets/images/testimonials/img-1.jpg]
[html.themexriver.com/finance-top/assets/images/testimonials/img-2.jpg]
[html.themexriver.com/finance-top/index.html]
[html.themexriver.com/finance-top/assets/images/slider/slide-6.jpg]
[html.themexriver.com/finance-top/index-2.html]
[html.themexriver.com/finance-top/assets/images/logo-3.png]
[html.themexriver.com/finance-top/assets/images/about-chart-2.png]
[html.themexriver.com/finance-top/assets/images/team/img-1.jpg]
[html.themexriver.com/finance-top/assets/images/team/img-2.jpg]
[html.themexriver.com/finance-top/assets/images/team/img-3.jpg]
[html.themexriver.com/finance-top/assets/images/team/img-4.jpg]
[html.themexriver.com/finance-top/assets/images/team/img-5.jpg]
[html.themexriver.com/finance-top/assets/images/team/img-6.jpg]
[html.themexriver.com/finance-top/index-3.html]
[html.themexriver.com/finance-top/assets/images/slider/slide-4.jpg]
[html.themexriver.com/finance-top/index-4.html]
[html.themexriver.com/finance-top/index-6.html]
[html.themexriver.com/finance-top/index-7.html]
[html.themexriver.com/finance-top/assets/images/about-s4.jpg]
[html.themexriver.com/finance-top/assets/images/about-chart-3.jpg]
[html.themexriver.com/finance-top/about.html]
[html.themexriver.com/finance-top/services.html]
[html.themexriver.com/finance-top/assets/images/service-single/img-1.jpg]
[html.themexriver.com/finance-top/service-single-finance.html]
[html.themexriver.com/finance-top/assets/images/service-single/img-2.jpg]
[html.themexriver.com/finance-top/service-single-management.html]
[html.themexriver.com/finance-top/assets/images/service-single/img-3.jpg]
[html.themexriver.com/finance-top/service-single-vc.html]
[html.themexriver.com/finance-top/assets/images/service-single/img-4.jpg]
[html.themexriver.com/finance-top/service-single-investment.html]
[html.themexriver.com/finance-top/assets/images/service-single/img-5.jpg]
[html.themexriver.com/finance-top/service-single-insurance.html]
[html.themexriver.com/finance-top/assets/images/service-single/img-6.jpg]
[html.themexriver.com/finance-top/service-single-mutual.html]
[html.themexriver.com/finance-top/assets/images/case-studies/img-1.jpg]
[html.themexriver.com/finance-top/assets/images/case-studies/img-2.jpg]
[html.themexriver.com/finance-top/assets/images/case-studies/img-3.jpg]
[html.themexriver.com/finance-top/assets/images/case-studies/img-4.jpg]
[html.themexriver.com/finance-top/assets/images/case-studies/img-5.jpg]
[html.themexriver.com/finance-top/assets/images/case-studies/img-6.jpg]
[html.themexriver.com/finance-top/case-studies.html]
[html.themexriver.com/finance-top/assets/images/case-study-single/img-1.jpg]
[html.themexriver.com/finance-top/assets/images/case-study-single/img-2.jpg]
[html.themexriver.com/finance-top/case-study-single.html]
[html.themexriver.com/finance-top/assets/images/testimonials/img-3.jpg]
[html.themexriver.com/finance-top/assets/images/testimonials/img-4.jpg]
[html.themexriver.com/finance-top/assets/images/testimonials/img-5.jpg]
[html.themexriver.com/finance-top/assets/images/testimonials/img-6.jpg]
[html.themexriver.com/finance-top/testimonials.html]
[html.themexriver.com/finance-top/assets/images/team/img-7.jpg]
[html.themexriver.com/finance-top/assets/images/team/img-8.jpg]
[html.themexriver.com/finance-top/assets/images/team/img-9.jpg]
[html.themexriver.com/finance-top/assets/images/team/img-10.jpg]
[html.themexriver.com/finance-top/assets/images/team/img-11.jpg]
[html.themexriver.com/finance-top/assets/images/team/img-12.jpg]
[html.themexriver.com/finance-top/team.html]
[html.themexriver.com/finance-top/pricing.html]
[html.themexriver.com/finance-top/projects.html]
[html.themexriver.com/finance-top/projects-3-col.html]
[html.themexriver.com/finance-top/assets/images/blog/list-view/img-1.jpg]
[html.themexriver.com/finance-top/assets/images/blog/list-view/img-2.jpg]
[html.themexriver.com/finance-top/assets/images/blog/list-view/img-3.jpg]
[html.themexriver.com/finance-top/assets/images/blog/thumb-2/img-1.jpg]
[html.themexriver.com/finance-top/assets/images/blog/thumb-2/img-2.jpg]
[html.themexriver.com/finance-top/assets/images/blog/thumb-2/img-3.jpg]
[html.themexriver.com/finance-top/assets/images/instagram/img-1.jpg]
[html.themexriver.com/finance-top/assets/images/instagram/img-2.jpg]
[html.themexriver.com/finance-top/assets/images/instagram/img-3.jpg]
[html.themexriver.com/finance-top/assets/images/instagram/img-4.jpg]
[html.themexriver.com/finance-top/assets/images/instagram/img-5.jpg]
[html.themexriver.com/finance-top/assets/images/instagram/img-6.jpg]
[html.themexriver.com/finance-top/blog-default.html]
[html.themexriver.com/finance-top/blog.html]
[html.themexriver.com/finance-top/blog-left-sidebar.html]
[html.themexriver.com/finance-top/blog-right-sidebar.html]
[html.themexriver.com/finance-top/assets/images/blog-single/img-1.jpg]
[html.themexriver.com/finance-top/assets/images/blog-single/img-2.jpg]
[html.themexriver.com/finance-top/assets/images/blog-single/comments/img-1.jpg]
[html.themexriver.com/finance-top/assets/images/blog-single/comments/img-2.jpg]
[html.themexriver.com/finance-top/blog-details.html]
[html.themexriver.com/finance-top/contact.html]
[html.themexriver.com/finance-top/assets/fonts/fontawesome-webfont5b62.html]
[html.themexriver.com/finance-top/assets/fonts/fontawesome-webfontd41d.html]
[html.themexriver.com/finance-top/assets/fonts/fontawesome-webfont5b62.svg]
[html.themexriver.com/finance-top/assets/fonts/Flaticon.html]
[html.themexriver.com/finance-top/assets/fonts/Flaticond41d.html]
[html.themexriver.com/finance-top/assets/fonts/Flaticon.svg]
[html.themexriver.com/finance-top/assets/fonts/glyphicons-halflings-regular.html]
[html.themexriver.com/finance-top/assets/fonts/glyphicons-halflings-regulard41d.html]
[html.themexriver.com/finance-top/assets/fonts/glyphicons-halflings-regular.svg]
[html.themexriver.com/finance-top/assets/css/owl.video.play.html]
[html.themexriver.com/finance-top/assets/fonts/slick.html]
[html.themexriver.com/finance-top/assets/fonts/slickd41d.html]
[html.themexriver.com/finance-top/assets/fonts/slick.svg]
